<?xml version="1.0" encoding="utf-8"?>
<TestRun id="cb8dc803-9020-4c9e-b6f7-8596f9493fdb" name="Fenton@DESKTOP-BGD87SJ 2023-07-11 18:53:43" runUser="DESKTOP-BGD87SJ\Fenton" xmlns="http://microsoft.com/schemas/VisualStudio/TeamTest/2010">
  <Times creation="2023-07-11T18:53:43.3959161-04:00" queuing="2023-07-11T18:53:43.3959162-04:00" start="2023-07-11T18:53:42.9736207-04:00" finish="2023-07-11T18:53:43.3962119-04:00" />
  <TestSettings name="default" id="65145f7d-653f-4535-9615-3ba999fbf537">
    <Deployment runDeploymentRoot="Fenton_DESKTOP-BGD87SJ_2023-07-11_18_53_43" />
  </TestSettings>
  <TestLists>
    <TestList name="Results Not in a List" id="8c84fa94-04c1-424b-9868-57a2d4851a1d" />
    <TestList name="All Loaded Results" id="19431567-8539-422a-85d7-44ee4e166bda" />
  </TestLists>
  <ResultSummary outcome="Completed">
    <Counters total="0" executed="0" passed="0" failed="0" error="0" timeout="0" aborted="0" inconclusive="0" passedButRunAborted="0" notRunnable="0" notExecuted="0" disconnected="0" warning="0" completed="0" inProgress="0" pending="0" />
    <Output>
      <StdOut>NUnit Adapter 4.4.0.0: Test execution started&#xD;
Running selected tests in c:\Users\Fenton\Documents\GitHub\hcrd\FORM\Test\bin\Debug\net7.0\Test.dll&#xD;
   NUnit3TestExecutor discovered 0 of 0 NUnit test cases using Current Discovery mode, Explicit run&#xD;
NUnit Adapter 4.4.0.0: Test execution complete&#xD;
</StdOut>
    </Output>
    <RunInfos>
      <RunInfo computerName="DESKTOP-BGD87SJ" outcome="Warning" timestamp="2023-07-11T18:53:43.3436516-04:00">
        <Text>No test matches the given testcase filter `(FullyQualifiedName=Test.Orm+Orm.ConnTest)|(FullyQualifiedName=Test.Orm+Orm.InsertTest)|(FullyQualifiedName=Test.Orm+Orm.InsertManyTest)|(FullyQualifiedName=Test.Orm+Orm.QueryBuildTest)|(FullyQualifiedName=Test.Orm+Orm.SelectTest)|(FullyQualifiedName=Test....` in c:\Users\Fenton\Documents\GitHub\hcrd\FORM\Test\bin\Debug\net7.0\Test.dll</Text>
      </RunInfo>
    </RunInfos>
  </ResultSummary>
</TestRun>